layer0
WTR WTR WTR WTR WTR WTR WTR WTR WTR WTR WTR WTR WTR WTR WTR WTR WTR WTR WTR WTR WTR WTR WTR WTR WTR WTR WTR WTR WTR WTR WTR WTR WTR WTR WTR WTR WTR WTR WTR WTR WTR WTR WTR WTR WTR WTR WTR WTR 
WTR WTR GRS GRS GRS GRS GRS WTR WTR WTR WTR WTR WTR WTR WTR WTR WTR WTR WTR WTR WTR WTR WTR WTR WTR WTR WTR WTR WTR WTR WTR WTR WTR WTR WTR WTR WTR GRS GRS GRS GRS GRS GRS GRS GRS WTR WTR WTR 
WTR GRS GRS GRS GRS GRS GRS GRS GRS WTR WTR WTR WTR WTR WTR WTR WTR WTR WTR WTR GRS GRS GRS GRS GRS GRS GRS GRS GRS GRS WTR WTR WTR WTR WTR GRS GRS GRS GRS GRS GRS GRS GRS GRS GRS WTR WTR WTR 
WTR GRS GRS GRS GRS GRS GRS GRS GRS GRS GRS WTR WTR WTR WTR WTR WTR WTR WTR WTR GRS GRS GRS GRS GRS GRS GRS GRS GRS GRS WTR WTR GRS GRS GRS GRS GRS GRS GRS GRS GRS GRS GRS GRS GRS WTR WTR WTR 
WTR GRS GRS GRS GRS GRS GRS GRS GRS GRS GRS GRS GRS GRS GRS GRS GRS GRS GRS GRS GRS GRS GRS GRS GRS GRS GRS GRS GRS GRS GRS GRS GRS GRS GRS GRS GRS GRS GRS GRS GRS GRS GRS GRS GRS WTR WTR WTR 
WTR WTR GRS GRS GRS GRS GRS GRS GRS GRS GRS GRS GRS GRS GRS GRS GRS GRS GRS GRS GRS GRS GRS GRS GRS GRS GRS GRS GRS GRS GRS GRS GRS GRS GRS GRS GRS GRS GRS GRS GRS GRS GRS GRS GRS WTR WTR WTR 
WTR WTR GRS GRS GRS GRS GRS GRS GRS GRS GRS GRS GRS GRS GRS GRS GRS GRS GRS GRS GRS GRS GRS GRS GRS GRS GRS GRS GRS GRS GRS GRS GRS GRS GRS GRS GRS GRS GRS GRS GRS GRS GRS GRS GRS WTR WTR WTR 
WTR WTR GRS GRS GRS GRS GRS GRS GRS GRS GRS GRS GRS GRS GRS GRS GRS GRS GRS GRS GRS GRS GRS GRS GRS GRS GRS GRS GRS GRS GRS GRS GRS GRS GRS GRS GRS GRS GRS GRS GRS GRS GRS GRS GRS WTR WTR WTR 
WTR WTR WTR WTR GRS GRS GRS GRS GRS GRS GRS GRS GRS GRS GRS GRS GRS GRS GRS GRS GRS GRS GRS GRS GRS GRS GRS GRS GRS GRS GRS GRS GRS GRS GRS GRS GRS GRS GRS GRS GRS GRS GRS GRS GRS GRS WTR WTR 
WTR WTR WTR WTR GRS GRS GRS GRS GRS GRS GRS GRS GRS GRS GRS GRS GRS GRS GRS GRS GRS GRS GRS GRS GRS GRS GRS GRS GRS GRS GRS GRS GRS GRS GRS GRS GRS GRS GRS GRS GRS GRS GRS GRS GRS GRS WTR WTR 
WTR WTR WTR WTR GRS GRS GRS GRS GRS GRS GRS GRS GRS GRS GRS GRS GRS GRS GRS GRS GRS WTR WTR WTR GRS GRS GRS GRS GRS GRS GRS GRS GRS GRS GRS GRS GRS GRS GRS GRS GRS GRS GRS GRS GRS GRS WTR WTR 
WTR WTR WTR WTR GRS GRS GRS GRS GRS GRS GRS GRS GRS GRS GRS GRS GRS WTR WTR WTR WTR WTR WTR WTR WTR WTR WTR WTR WTR WTR WTR WTR WTR WTR WTR WTR GRS GRS GRS GRS GRS GRS GRS GRS GRS GRS WTR WTR 
WTR WTR WTR WTR WTR GRS GRS GRS GRS GRS GRS GRS GRS GRS GRS GRS GRS WTR WTR WTR WTR WTR WTR WTR WTR WTR WTR WTR WTR WTR WTR WTR WTR WTR WTR WTR GRS GRS GRS GRS GRS GRS GRS GRS GRS GRS WTR WTR 
WTR WTR WTR WTR WTR GRS GRS GRS GRS GRS GRS GRS GRS GRS GRS GRS GRS WTR WTR WTR WTR WTR GRS GRS WTR WTR WTR WTR WTR WTR WTR WTR WTR WTR WTR WTR GRS GRS GRS GRS GRS GRS GRS GRS GRS GRS WTR WTR 
WTR WTR WTR WTR WTR GRS GRS GRS GRS GRS GRS GRS GRS GRS GRS GRS GRS WTR WTR WTR WTR GRS GRS GRS WTR WTR WTR WTR WTR WTR WTR WTR WTR WTR WTR WTR GRS GRS GRS GRS GRS GRS GRS GRS GRS GRS WTR WTR 
WTR WTR WTR WTR WTR GRS GRS GRS GRS GRS GRS GRS GRS WTR WTR WTR WTR WTR WTR WTR WTR GRS GRS GRS WTR WTR WTR WTR WTR GRS GRS WTR WTR WTR WTR WTR GRS GRS GRS GRS GRS GRS GRS GRS GRS GRS WTR WTR 
WTR WTR WTR WTR GRS GRS GRS GRS GRS GRS GRS WTR WTR WTR WTR WTR WTR WTR WTR WTR GRS GRS GRS GRS GRS GRS GRS GRS GRS GRS GRS GRS WTR WTR WTR WTR GRS GRS GRS GRS GRS GRS GRS GRS GRS GRS WTR WTR 
WTR WTR WTR WTR GRS GRS GRS GRS GRS GRS GRS WTR WTR WTR WTR WTR WTR WTR WTR WTR GRS GRS GRS GRS GRS GRS GRS GRS GRS GRS GRS GRS GRS WTR WTR WTR GRS GRS GRS GRS GRS GRS GRS GRS GRS GRS WTR WTR 
WTR WTR WTR GRS GRS GRS GRS GRS GRS GRS WTR WTR WTR WTR WTR WTR WTR WTR WTR WTR GRS GRS GRS GRS GRS GRS GRS GRS GRS GRS GRS GRS GRS WTR WTR WTR GRS GRS GRS GRS GRS GRS GRS GRS GRS GRS WTR WTR 
WTR WTR WTR WTR WTR WTR WTR WTR WTR WTR WTR WTR WTR WTR WTR WTR WTR WTR WTR WTR GRS GRS GRS GRS GRS GRS GRS GRS GRS GRS GRS GRS GRS WTR WTR WTR GRS GRS GRS GRS GRS GRS GRS GRS GRS GRS WTR WTR 
WTR WTR WTR WTR WTR WTR WTR WTR WTR WTR WTR WTR WTR WTR WTR WTR WTR WTR WTR WTR GRS GRS GRS GRS GRS GRS GRS GRS GRS GRS GRS GRS WTR WTR WTR WTR GRS GRS GRS GRS GRS GRS GRS GRS GRS GRS WTR WTR 
WTR WTR WTR WTR WTR WTR WTR WTR WTR WTR WTR WTR WTR WTR GRS GRS GRS GRS GRS GRS GRS GRS GRS GRS GRS GRS GRS GRS GRS GRS GRS GRS WTR WTR WTR GRS GRS GRS GRS GRS GRS GRS GRS GRS GRS GRS WTR WTR 
WTR WTR WTR WTR GRS GRS GRS GRS GRS GRS GRS GRS GRS GRS GRS GRS GRS GRS GRS GRS GRS GRS GRS GRS GRS GRS GRS GRS GRS GRS GRS WTR WTR WTR WTR GRS GRS GRS GRS GRS GRS GRS GRS GRS GRS GRS WTR WTR 
WTR WTR WTR WTR GRS GRS GRS GRS GRS GRS GRS GRS GRS GRS GRS GRS GRS GRS GRS GRS GRS GRS GRS GRS GRS GRS GRS GRS GRS GRS GRS WTR WTR WTR WTR GRS GRS GRS GRS GRS GRS GRS GRS GRS GRS GRS WTR WTR 
WTR WTR WTR WTR GRS GRS GRS GRS GRS GRS GRS GRS GRS GRS GRS GRS GRS GRS GRS GRS GRS GRS GRS GRS GRS GRS GRS GRS GRS GRS GRS WTR WTR WTR GRS GRS GRS GRS GRS GRS GRS GRS GRS GRS GRS GRS WTR WTR 
WTR WTR WTR WTR GRS GRS GRS GRS GRS GRS GRS GRS GRS GRS GRS GRS GRS GRS GRS GRS GRS GRS GRS GRS GRS GRS GRS GRS GRS GRS WTR WTR WTR WTR GRS GRS GRS GRS GRS GRS GRS GRS GRS GRS GRS GRS GRS WTR 
WTR WTR WTR WTR GRS GRS GRS GRS GRS GRS GRS GRS GRS GRS GRS GRS GRS GRS GRS GRS GRS GRS GRS GRS GRS GRS GRS GRS GRS GRS WTR WTR WTR WTR GRS GRS GRS GRS GRS GRS GRS GRS GRS GRS GRS GRS GRS WTR 
WTR WTR WTR GRS GRS GRS GRS GRS GRS GRS GRS GRS GRS GRS GRS GRS GRS GRS GRS GRS GRS GRS GRS GRS GRS GRS GRS GRS GRS GRS WTR WTR WTR WTR GRS GRS GRS GRS GRS GRS GRS GRS GRS GRS GRS GRS GRS WTR 
WTR WTR WTR GRS GRS GRS GRS GRS GRS GRS GRS GRS GRS GRS GRS GRS GRS GRS GRS GRS GRS GRS GRS GRS GRS GRS GRS GRS GRS GRS WTR WTR WTR WTR GRS GRS GRS GRS GRS GRS GRS GRS GRS GRS GRS GRS GRS WTR 
WTR WTR WTR GRS GRS GRS GRS GRS GRS GRS GRS GRS GRS GRS GRS GRS GRS GRS GRS GRS GRS GRS GRS GRS GRS GRS GRS GRS GRS GRS WTR WTR WTR WTR GRS GRS GRS GRS GRS GRS GRS GRS GRS GRS GRS GRS GRS WTR 
WTR WTR WTR GRS GRS GRS GRS GRS GRS GRS GRS GRS GRS GRS GRS GRS GRS GRS GRS GRS GRS GRS GRS GRS GRS GRS GRS GRS GRS GRS WTR WTR WTR WTR GRS GRS GRS GRS GRS GRS GRS GRS GRS GRS GRS GRS GRS WTR 
WTR WTR WTR GRS GRS GRS GRS GRS GRS GRS GRS GRS GRS GRS GRS GRS GRS GRS GRS GRS GRS GRS GRS GRS GRS GRS GRS GRS GRS GRS WTR WTR WTR WTR GRS GRS GRS GRS GRS GRS GRS GRS GRS GRS GRS GRS GRS WTR 
WTR WTR WTR GRS GRS GRS GRS GRS GRS GRS GRS GRS GRS GRS GRS GRS GRS GRS GRS GRS GRS GRS GRS GRS GRS GRS GRS GRS GRS GRS WTR WTR WTR WTR GRS GRS GRS GRS GRS GRS GRS GRS GRS GRS GRS GRS GRS WTR 
WTR WTR WTR GRS GRS GRS GRS GRS GRS GRS GRS GRS GRS GRS GRS GRS GRS GRS GRS GRS GRS GRS GRS GRS GRS GRS GRS GRS GRS GRS WTR WTR WTR WTR GRS GRS GRS GRS GRS GRS GRS GRS GRS GRS GRS GRS GRS WTR 
WTR WTR WTR GRS GRS GRS GRS GRS GRS GRS GRS GRS GRS GRS GRS GRS GRS GRS GRS GRS GRS GRS GRS GRS GRS GRS GRS GRS GRS GRS WTR WTR WTR WTR GRS GRS GRS GRS GRS GRS GRS GRS GRS GRS GRS GRS GRS WTR 
WTR WTR WTR GRS GRS GRS GRS GRS GRS GRS GRS GRS GRS GRS GRS GRS GRS GRS GRS GRS GRS GRS GRS GRS GRS GRS GRS GRS GRS GRS WTR WTR WTR WTR GRS GRS GRS GRS GRS GRS GRS GRS GRS GRS GRS GRS GRS WTR 
WTR WTR WTR GRS GRS GRS GRS GRS GRS GRS GRS GRS GRS GRS GRS GRS GRS GRS GRS GRS GRS GRS GRS GRS GRS GRS GRS GRS GRS GRS WTR WTR WTR WTR GRS GRS GRS GRS GRS GRS GRS GRS GRS GRS GRS GRS GRS WTR 
WTR WTR WTR WTR GRS GRS GRS GRS GRS GRS GRS GRS GRS GRS GRS GRS GRS GRS GRS GRS GRS GRS GRS GRS GRS GRS GRS GRS GRS GRS WTR WTR WTR WTR GRS GRS GRS GRS GRS GRS GRS GRS GRS GRS GRS GRS GRS WTR 
WTR WTR WTR WTR GRS GRS GRS GRS GRS GRS GRS GRS GRS GRS GRS GRS GRS GRS GRS GRS GRS GRS GRS GRS GRS GRS GRS GRS GRS GRS WTR WTR WTR WTR GRS GRS GRS GRS GRS GRS GRS GRS GRS GRS GRS GRS GRS WTR 
WTR WTR WTR WTR GRS GRS GRS GRS GRS GRS GRS GRS GRS GRS GRS GRS GRS GRS GRS GRS GRS GRS GRS GRS GRS GRS GRS GRS GRS GRS WTR WTR WTR WTR GRS GRS GRS GRS GRS GRS GRS GRS GRS GRS GRS GRS WTR WTR 
WTR WTR WTR WTR WTR GRS GRS GRS GRS GRS GRS GRS GRS GRS GRS GRS GRS GRS GRS GRS GRS GRS GRS GRS GRS GRS GRS GRS GRS GRS WTR WTR WTR WTR GRS GRS GRS GRS GRS GRS GRS GRS GRS GRS GRS GRS WTR WTR 
WTR WTR WTR WTR WTR GRS GRS GRS GRS GRS GRS GRS GRS GRS GRS GRS GRS GRS GRS GRS GRS GRS GRS GRS GRS GRS GRS GRS GRS GRS WTR WTR WTR WTR GRS GRS GRS GRS GRS GRS GRS GRS GRS GRS GRS WTR WTR WTR 
WTR WTR WTR WTR WTR GRS GRS GRS GRS GRS GRS GRS GRS GRS GRS GRS GRS GRS GRS GRS GRS WTR WTR WTR WTR WTR WTR WTR WTR WTR WTR WTR WTR WTR GRS GRS GRS GRS GRS GRS GRS GRS GRS GRS WTR WTR WTR WTR 
WTR WTR WTR WTR WTR WTR WTR WTR WTR GRS GRS GRS GRS GRS GRS GRS WTR WTR WTR WTR WTR WTR WTR WTR WTR WTR WTR WTR WTR WTR WTR WTR WTR WTR WTR WTR WTR WTR WTR WTR WTR WTR WTR WTR WTR WTR WTR WTR 
WTR WTR WTR WTR WTR WTR WTR WTR WTR WTR WTR WTR WTR WTR WTR WTR WTR WTR WTR WTR WTR WTR WTR WTR WTR WTR WTR WTR WTR WTR WTR WTR WTR WTR WTR WTR WTR WTR WTR WTR WTR WTR WTR WTR WTR WTR WTR WTR 
layer1
--- --- SHB SHB SHB SHB SHB --- --- --- --- --- --- --- --- --- --- --- --- --- --- --- --- --- --- --- --- --- --- --- --- --- --- --- --- --- --- SHB SHB SHB SHB SHB SHB SHB SHB --- --- --- 
--- SBR --- --- --- --- --- SBL SHB --- --- --- --- --- --- --- --- --- --- --- SHB SHB SHB SHB SHB SHB SHB SHB SHB SHB --- --- --- --- --- --- SBR --- --- --- --- --- --- --- --- SHL --- --- 
SHR --- --- --- --- --- --- --- --- SBL SHB --- --- --- --- --- --- --- --- SHR --- --- --- --- --- TRE --- --- --- --- SHL --- --- --- SBR --- --- --- --- --- --- --- --- --- --- SHL --- --- 
SHR --- --- --- TRE --- --- --- --- --- --- SBL SHB SHB SHB SHB SHB SHB SHB SBR --- --- --- --- TRT TRT TRT --- --- --- SBL SBR --- --- --- --- --- --- --- TRT TRT TRT TRT --- --- SHL --- --- 
SHR --- --- --- --- --- --- --- CSL --- --- --- --- --- --- --- --- --- --- --- --- --- TRT TRT TRM TRM TRM TRT TRT TRT --- --- --- --- --- --- TRE TRT TRT TRM TRM TRM TRM --- --- SHL --- --- 
--- STR --- --- --- --- --- --- --- --- TRT TRT --- --- --- --- --- --- --- --- --- TRE TRM TRM TRM TRM TRM TRM TRM TRM TRE --- --- --- --- --- --- TRM TRM TRM TRM TRM TRM TRE --- SHL --- --- 
--- SHR --- --- --- --- --- TRE TRT TRT TRM TRM TRT TRT TRT --- --- --- TRE --- --- --- TRB TRM TRM TRM TRM TRM TRM TRM --- --- TRE --- --- --- --- TRM TRM TRM TRM TRM TRM --- --- SHL --- --- 
--- SHR --- --- --- --- --- --- TRM TRM TRM TRM TRM TRM TRM --- --- --- --- TRT --- --- --- TRB TRB TRM TRM TRM TRB TRB --- --- --- --- --- --- --- TRB TRM TRM TRM TRB TRB --- --- SBL --- --- 
--- --- SHT STR --- --- --- --- TRB TRM TRM TRM TRM TRM TRM --- --- --- TRT TRM --- --- --- --- --- TRB TRB TRB --- --- --- --- --- --- --- TRE --- --- TRB TRB TRB --- --- --- --- --- SHL --- 
--- --- --- SHR --- --- --- --- --- TRB TRB TRM TRM TRB TRB --- --- --- TRB TRB --- --- --- --- --- --- --- --- TRE --- --- --- --- --- --- --- --- --- --- TRE --- --- --- --- --- --- SHL --- 
--- --- --- SHR --- TRE --- --- --- --- --- TRB TRB --- --- --- --- --- --- --- --- STL SHT STR --- --- --- --- --- --- --- TRE --- --- --- --- --- --- --- --- --- --- --- --- --- --- SHL --- 
--- --- --- SHR --- --- --- MTL MNT MTR --- --- --- --- --- --- --- STL SHT SHT SHT --- --- --- SHT SHT SHT SHT SHT BRV SHT SHT SHT SHT SHT STR --- TRE --- --- --- --- --- --- --- --- SHL --- 
--- --- --- --- STR --- MTL MTN MTN MTN MNT MTR --- --- TRE --- --- SHL --- --- --- --- SHB SHB --- --- --- --- --- BRV --- --- --- --- --- SHR --- --- --- --- --- --- --- --- --- --- SHL --- 
--- --- --- --- SHR --- MBL MTN MTN MTN MTN MNR --- TRE --- --- --- SHL --- --- --- SBR --- --- SHL --- --- --- --- BRV --- --- --- --- --- SHR --- --- --- --- TRT TRT TRE --- --- --- SHL --- 
--- --- --- --- SHR --- --- MBL MTN MTN MTN MBR --- --- --- --- --- SHL --- --- SHR --- --- --- SHL --- --- --- --- BRV SHB --- --- --- --- SHR --- --- TRE --- TRM TRM --- --- --- --- SHL --- 
--- --- --- --- SBR --- TRT --- MBL MNB MBR --- --- STL SHT SHT SHT --- --- --- SBR --- --- --- SBL SHB SHB SHB SBR --- --- SBL --- --- --- SHR --- --- --- --- TRM TRM TRT --- --- --- SHL --- 
--- --- --- SHR --- TRT TRM TRT --- --- --- STL SHT --- --- --- --- --- --- SHR --- --- --- --- --- --- --- --- --- --- --- --- SBL --- --- SHR --- --- --- --- TRB TRM TRM --- --- --- SHL --- 
--- --- --- SBR --- TRB TRM TRM --- --- --- SHL --- --- --- --- --- --- --- SHR --- --- --- --- --- --- --- --- --- --- --- --- --- SHL --- SHR --- --- --- --- --- TRM TRM TRT --- --- SHL --- 
--- --- SHR --- --- --- TRB TRB --- --- STL --- --- --- --- --- --- --- --- SHR --- --- TRE --- --- TRE --- --- --- --- --- --- --- SHL --- SHR --- --- --- TRT --- TRM TRM TRM --- --- SHL --- 
--- --- --- SHT SHT SHT SHT SHT SHT SHT --- --- --- --- --- --- --- --- --- SHR --- --- --- --- --- --- --- --- --- --- --- --- --- SHL --- SHR --- --- TRT TRM TRT TRM TRM TRM TRE --- SHL --- 
--- --- --- --- --- --- --- --- --- --- --- --- --- --- SHB SHB SHB SHB SHB SBR --- --- --- --- --- --- --- --- --- --- --- --- STL --- --- SBR --- TRT TRM TRM TRM TRM TRM TRM --- --- SHL --- 
--- --- --- --- SHB SHB SHB SHB SHB SHB SHB SHB SHB SBR --- --- --- --- --- --- --- --- --- --- --- --- --- TRE --- --- --- --- SHL --- SHR --- --- TRM TRM TRM TRM TRM TRM TRM --- --- SHL --- 
--- --- --- SHR --- --- --- --- --- --- --- --- --- --- --- --- --- --- --- --- TRE --- --- --- --- --- --- --- --- --- --- STL --- --- SHR --- --- TRM TRM TRM TRM TRM TRM TRB --- --- SHL --- 
--- --- --- SHR --- --- --- --- --- TRE --- --- --- --- --- --- TRE --- --- --- --- --- --- --- MTL MNT MTR --- --- --- --- SHL --- --- SBR --- --- TRB TRM TRM TRM TRM TRM --- --- --- SHL --- 
--- --- --- SHR --- --- --- --- --- --- --- --- --- --- --- --- --- --- --- --- MTL MTR --- MTL MTN MTN MNR --- --- --- --- SHL --- SHR --- --- --- --- TRM TRM TRM TRM TRM --- --- --- SBL --- 
--- --- --- SHR --- --- --- --- --- --- --- --- --- --- --- --- --- --- --- MTL MTN MTN MNT MTN MTN MTN MNR --- --- --- STL --- --- SHR --- --- --- --- TRB TRM TRM TRM TRB --- --- --- --- SHL 
--- --- --- SBR --- --- --- --- --- --- --- TRE --- --- --- --- --- --- --- MNL MTN MTN MTN MTN MTN MTN MTN MNT MTR --- SHL --- --- SHR --- --- --- --- --- TRM TRM TRM --- --- --- TRE --- SHL 
--- --- SHR --- --- --- --- --- --- --- --- --- --- --- --- --- --- MTL MNT MTN MTN MTN MTN MTN MTN MTN MTN MTN MNR --- SHL --- --- SHR TRE --- --- --- --- TRM TRM TRB --- --- --- --- --- SHL 
--- --- SHR --- --- --- --- TRE --- --- --- --- --- --- TRE --- --- MBL MTN MTN MTN MTN MTN MTN MTN MTN MTN MTN MBR --- SHL --- --- SHR --- --- --- --- --- TRM TRB --- --- --- --- --- --- SHL 
--- --- SHR --- TRE --- --- --- --- --- --- --- --- --- --- --- --- --- MBL MTN MTN MTN MTN MTN MTN MTN MTN MNR --- --- SHL --- --- SHR --- --- --- --- --- TRB --- --- --- TRE --- --- --- SHL 
--- --- SHR --- --- --- --- --- TRT TRT --- --- --- --- TRT --- --- --- --- MBL MTN MTN MTN MTN MTN MTN MTN MBR --- --- SHL --- --- SHR --- --- --- --- --- --- --- --- --- --- --- --- --- SHL 
--- --- SHR --- --- --- --- --- TRM TRM TRT TRT TRT TRT TRM TRT --- --- --- --- MBL MTN MTN MTN MTN MTN MBR --- --- --- SHL --- --- SHR --- --- --- --- --- --- --- --- --- --- --- --- --- SHL 
--- --- SHR --- --- --- --- TRT TRM TRM TRM TRM TRM TRM TRM TRM --- --- --- --- --- MBL MNB MNB MNB MBR --- --- --- --- SHL --- --- SHR --- --- --- --- --- --- --- --- --- TRE --- --- --- SHL 
--- --- SHR --- --- --- --- TRM TRM TRM TRM TRM TRM TRM TRM TRM --- --- --- --- --- --- --- --- --- --- --- --- --- --- SHL --- --- SHR --- --- --- --- --- TRE --- --- --- --- --- --- --- SHL 
--- --- SHR --- --- --- TRT TRM TRM TRM TRM TRM TRM TRM TRM TRM --- --- --- --- --- --- --- --- --- --- --- --- --- --- BRH BRH BRH BRH --- --- --- --- --- --- --- --- --- --- --- --- --- SHL 
--- --- SHR --- --- --- TRM TRM TRM TRM TRM TRM TRM TRM TRM TRB --- --- --- --- --- TRE --- --- --- --- --- TRE --- --- SHL --- --- SHR --- --- --- --- --- --- --- --- --- --- TRE --- --- SHL 
--- --- SHR --- --- --- TRB TRB TRM TRM TRM TRM TRM TRM TRB --- --- --- --- --- --- --- --- --- --- --- --- --- --- --- SHL --- --- SHR --- --- TRE --- --- --- --- TRE --- --- --- --- --- SHL 
--- --- --- STR --- --- --- --- TRB TRB TRB TRM TRB TRB --- --- --- --- --- --- --- --- --- --- --- --- --- --- --- --- SHL --- --- SHR --- --- --- --- TRT TRT --- --- --- --- --- --- --- SHL 
--- --- --- SHR --- --- --- --- --- --- --- TRB --- --- --- --- --- --- TRE --- --- --- --- --- TRE --- --- --- --- --- SHL --- --- SHR --- --- --- TRT TRM TRM --- --- --- --- --- --- --- SHL 
--- --- --- SHR --- --- --- --- --- --- --- --- --- --- --- --- --- --- --- --- --- --- --- --- --- --- --- --- --- --- SHL --- --- SHR --- --- --- TRM TRM TRM TRT TRT --- TRE --- --- STL --- 
--- --- --- --- STR --- --- --- TRE --- --- --- --- --- --- --- --- --- --- --- --- --- --- --- --- --- --- --- --- --- SHL --- --- SHR --- --- --- TRB TRM TRM TRM TRM --- --- --- --- SHL --- 
--- --- --- --- SHR TRE --- --- --- --- --- --- --- --- --- TRE --- --- --- --- --- --- --- --- --- --- --- --- --- --- SHL --- --- SHR --- --- --- --- TRM TRM TRB TRB --- --- --- STL --- --- 
--- --- --- --- SHR --- --- --- --- --- --- --- --- --- --- --- --- --- --- --- --- STL SHT SHT SHT SHT SHT SHT SHT SHT --- --- --- SHR --- --- --- --- TRB TRB --- --- --- --- STL --- --- --- 
--- --- --- --- --- SHT SHT SHT STR --- --- --- --- --- --- --- STL SHT SHT SHT SHT --- --- --- --- --- --- --- --- --- --- --- --- --- SHT SHT SHT SHT SHT SHT SHT SHT SHT SHT --- --- --- --- 
--- --- --- --- --- --- --- --- --- SHT SHT SHT SHT SHT SHT SHT --- --- --- --- --- --- --- --- --- --- --- --- --- --- --- --- --- --- --- --- --- --- --- --- --- --- --- --- --- --- --- --- 
layer2
--- --- --- --- --- --- --- --- --- --- --- --- --- --- --- --- --- --- --- --- --- --- --- --- --- --- --- --- --- --- --- --- --- --- --- --- --- --- --- --- --- --- --- --- --- --- --- --- 
--- --- --- --- --- --- --- --- --- --- --- --- --- --- --- --- --- --- --- --- --- --- --- --- --- --- --- --- --- --- --- --- --- --- --- --- --- --- --- --- --- --- --- --- --- --- --- --- 
--- --- --- --- --- --- --- --- --- --- --- --- --- --- --- --- --- --- --- --- --- --- --- --- --- --- --- --- --- --- --- --- --- --- --- --- --- --- --- --- --- --- --- --- --- --- --- --- 
--- --- --- --- --- --- --- --- --- --- --- --- --- --- --- --- --- --- --- --- --- --- --- --- --- --- --- --- --- --- --- --- --- --- --- --- --- --- --- --- --- --- --- --- --- --- --- --- 
--- --- --- --- --- --- --- --- --- --- --- --- --- --- --- --- --- --- --- --- --- --- --- --- --- --- --- --- --- --- --- --- --- --- --- --- --- --- --- --- --- --- --- --- --- --- --- --- 
--- --- --- --- --- --- --- --- --- --- --- --- --- --- --- --- --- --- --- --- --- --- --- --- --- --- --- --- --- --- --- --- --- --- --- --- --- --- --- --- --- --- --- --- --- --- --- --- 
--- --- --- --- --- --- --- --- --- --- --- --- --- --- --- --- --- --- --- --- --- --- --- --- --- --- --- --- --- --- --- --- --- --- --- --- --- --- --- --- --- --- --- --- --- --- --- --- 
--- --- --- --- --- --- --- --- --- --- --- --- --- --- --- --- --- --- --- --- --- --- --- --- --- --- --- --- --- --- --- --- --- --- --- --- --- --- --- --- --- --- --- --- --- --- --- --- 
--- --- --- --- --- --- --- --- --- --- --- --- --- --- --- --- --- --- --- --- --- --- --- --- --- --- --- --- --- --- --- --- --- --- --- --- --- --- --- --- --- --- --- --- --- --- --- --- 
--- --- --- --- --- --- --- --- --- --- --- --- --- --- --- --- --- --- --- --- --- --- --- --- --- --- --- --- --- --- --- --- --- --- --- --- --- --- --- --- --- --- --- --- --- --- --- --- 
--- --- --- --- --- --- --- --- --- --- --- --- --- --- --- --- --- --- --- --- --- --- --- --- --- --- --- --- --- --- --- --- --- --- --- --- --- --- --- --- --- --- --- --- --- --- --- --- 
--- --- --- --- --- --- --- --- --- --- --- --- --- --- --- --- --- --- --- --- --- --- --- --- --- --- --- --- --- --- --- --- --- --- --- --- --- --- --- --- --- --- --- --- --- --- --- --- 
--- --- --- --- --- --- --- --- --- --- --- --- --- --- --- --- --- --- --- --- --- --- --- --- --- --- --- --- --- --- --- --- --- --- --- --- --- --- --- --- --- --- --- --- --- --- --- --- 
--- --- --- --- --- --- --- --- --- --- --- --- --- --- --- --- --- --- --- --- --- --- --- --- --- --- --- --- --- --- --- --- --- --- --- --- --- --- --- --- --- --- --- --- --- --- --- --- 
--- --- --- --- --- --- --- --- --- --- --- --- --- --- --- --- --- --- --- --- --- --- --- --- --- --- --- --- --- --- --- --- --- --- --- --- --- --- --- --- --- --- --- --- --- --- --- --- 
--- --- --- --- --- --- --- --- --- --- --- --- --- --- --- --- --- --- --- --- --- --- --- --- --- --- --- --- --- --- --- --- --- --- --- --- --- --- --- --- --- --- --- --- --- --- --- --- 
--- --- --- --- --- --- --- --- --- --- --- --- --- --- --- --- --- --- --- --- --- --- --- --- --- --- --- --- --- --- --- --- --- --- --- --- --- --- --- --- --- --- --- --- --- --- --- --- 
--- --- --- --- --- --- --- --- --- --- --- --- --- --- --- --- --- --- --- --- --- --- --- --- --- --- --- --- --- --- --- --- --- --- --- --- --- --- --- --- --- --- --- --- --- --- --- --- 
--- --- --- --- --- --- --- --- --- --- --- --- --- --- --- --- --- --- --- --- --- --- --- --- --- --- --- --- --- --- --- --- --- --- --- --- --- --- --- --- --- --- --- --- --- --- --- --- 
--- --- --- --- --- --- --- --- --- --- --- --- --- --- --- --- --- --- --- --- --- --- --- --- --- --- --- --- --- --- --- --- --- --- --- --- --- --- --- --- --- --- --- --- --- --- --- --- 
--- --- --- --- --- --- --- --- --- --- --- --- --- --- --- --- --- --- --- --- --- --- --- --- --- --- --- --- --- --- --- --- --- --- --- --- --- --- --- --- --- --- --- --- --- --- --- --- 
--- --- --- --- --- --- --- --- --- --- --- --- --- --- --- --- --- --- --- --- --- --- --- --- --- --- --- --- --- --- --- --- --- --- --- --- --- --- --- --- --- --- --- --- --- --- --- --- 
--- --- --- --- --- --- --- --- --- --- --- --- --- --- --- --- --- --- --- --- --- --- --- --- --- --- --- --- --- --- --- --- --- --- --- --- --- --- --- --- --- --- --- --- --- --- --- --- 
--- --- --- --- --- --- --- --- --- --- --- --- --- --- --- --- --- --- --- --- --- --- --- --- --- --- --- --- --- --- --- --- --- --- --- --- --- --- --- --- --- --- --- --- --- --- --- --- 
--- --- --- --- --- --- --- --- --- --- --- --- --- --- --- --- --- --- --- --- --- --- --- --- --- --- --- --- --- --- --- --- --- --- --- --- --- --- --- --- --- --- --- --- --- --- --- --- 
--- --- --- --- --- --- --- --- --- --- --- --- --- --- --- --- --- --- --- --- --- --- --- --- --- --- --- --- --- --- --- --- --- --- --- --- --- --- --- --- --- --- --- --- --- --- --- --- 
--- --- --- --- --- --- --- --- --- --- --- --- --- --- --- --- --- --- --- --- --- --- --- --- --- --- --- --- --- --- --- --- --- --- --- --- --- --- --- --- --- --- --- --- --- --- --- --- 
--- --- --- --- --- --- --- --- --- --- --- --- --- --- --- --- --- --- --- --- --- --- --- --- --- --- --- --- --- --- --- --- --- --- --- --- --- --- --- --- --- --- --- --- --- --- --- --- 
--- --- --- --- --- --- --- --- --- --- --- --- --- --- --- --- --- --- --- --- --- --- --- --- --- --- --- --- --- --- --- --- --- --- --- --- --- --- --- --- --- --- --- --- --- --- --- --- 
--- --- --- --- --- --- --- --- --- --- --- --- --- --- --- --- --- --- --- --- --- --- --- --- --- --- --- --- --- --- --- --- --- --- --- --- --- --- --- --- --- --- --- --- --- --- --- --- 
--- --- --- --- --- --- --- --- --- --- --- --- --- --- --- --- --- --- --- --- --- --- --- --- --- --- --- --- --- --- --- --- --- --- --- --- --- --- --- --- --- --- --- --- --- --- --- --- 
--- --- --- --- --- --- --- --- --- --- --- --- --- --- --- --- --- --- --- --- --- --- --- --- --- --- --- --- --- --- --- --- --- --- --- --- --- --- --- --- --- --- --- --- --- --- --- --- 
--- --- --- --- --- --- --- --- --- --- --- --- --- --- --- --- --- --- --- --- --- --- --- --- --- --- --- --- --- --- --- --- --- --- --- --- --- --- --- --- --- --- --- --- --- --- --- --- 
--- --- --- --- --- --- --- --- --- --- --- --- --- --- --- --- --- --- --- --- --- --- --- --- --- --- --- --- --- --- --- --- --- --- --- --- --- --- --- --- --- --- --- --- --- --- --- --- 
--- --- --- --- --- --- --- --- --- --- --- --- --- --- --- --- --- --- --- --- --- --- --- --- --- --- --- --- --- --- --- --- --- --- --- --- --- --- --- --- --- --- --- --- --- --- --- --- 
--- --- --- --- --- --- --- --- --- --- --- --- --- --- --- --- --- --- --- --- --- --- --- --- --- --- --- --- --- --- --- --- --- --- --- --- --- --- --- --- --- --- --- --- --- --- --- --- 
--- --- --- --- --- --- --- --- --- --- --- --- --- --- --- --- --- --- --- --- --- --- --- --- --- --- --- --- --- --- --- --- --- --- --- --- --- --- --- --- --- --- --- --- --- --- --- --- 
--- --- --- --- --- --- --- --- --- --- --- --- --- --- --- --- --- --- --- --- --- --- --- --- --- --- --- --- --- --- --- --- --- --- --- --- --- --- --- --- --- --- --- --- --- --- --- --- 
--- --- --- --- --- --- --- --- --- --- --- --- --- --- --- --- --- --- --- --- --- --- --- --- --- --- --- --- --- --- --- --- --- --- --- --- --- --- --- --- --- --- --- --- --- --- --- --- 
--- --- --- --- --- --- --- --- --- --- --- --- --- --- --- --- --- --- --- --- --- --- --- --- --- --- --- --- --- --- --- --- --- --- --- --- --- --- --- --- --- --- --- --- --- --- --- --- 
--- --- --- --- --- --- --- --- --- --- --- --- --- --- --- --- --- --- --- --- --- --- --- --- --- --- --- --- --- --- --- --- --- --- --- --- --- --- --- --- --- --- --- --- --- --- --- --- 
--- --- --- --- --- --- --- --- --- --- --- --- --- --- --- --- --- --- --- --- --- --- --- --- --- --- --- --- --- --- --- --- --- --- --- --- --- --- --- --- --- --- --- --- --- --- --- --- 
--- --- --- --- --- --- --- --- --- --- --- --- --- --- --- --- --- --- --- --- --- --- --- --- --- --- --- --- --- --- --- --- --- --- --- --- --- --- --- --- --- --- --- --- --- --- --- --- 
--- --- --- --- --- --- --- --- --- --- --- --- --- --- --- --- --- --- --- --- --- --- --- --- --- --- --- --- --- --- --- --- --- --- --- --- --- --- --- --- --- --- --- --- --- --- --- --- 
--- --- --- --- --- --- --- --- --- --- --- --- --- --- --- --- --- --- --- --- --- --- --- --- --- --- --- --- --- --- --- --- --- --- --- --- --- --- --- --- --- --- --- --- --- --- --- --- 
layer3
--- --- --- --- --- --- --- --- --- --- --- --- --- --- --- --- --- --- --- --- --- --- --- --- --- --- --- --- --- --- --- --- --- --- --- --- --- --- --- --- --- --- --- --- --- --- --- --- 
--- --- --- --- --- --- --- --- --- --- --- --- --- --- --- --- --- --- --- --- --- --- --- --- --- --- --- --- --- --- --- --- --- --- --- --- --- --- --- --- --- --- --- --- --- --- --- --- 
--- --- --- --- --- --- --- --- --- --- --- --- --- --- --- --- --- --- --- --- --- --- --- --- --- --- --- --- --- --- --- --- --- --- --- --- --- --- --- --- --- --- --- --- --- --- --- --- 
--- --- --- --- --- --- --- --- --- --- --- --- --- --- --- --- --- --- --- --- --- --- --- --- --- --- --- --- --- --- --- --- --- --- --- --- --- --- --- --- --- --- --- --- --- --- --- --- 
--- --- --- --- --- --- --- --- --- --- --- --- --- --- --- --- --- --- --- --- --- --- --- --- --- --- --- --- --- --- --- --- --- --- --- --- --- --- --- --- --- --- --- --- --- --- --- --- 
--- --- --- --- --- --- --- --- --- --- --- --- --- --- --- --- --- --- --- --- --- --- --- --- --- --- --- --- --- --- --- --- --- --- --- --- --- --- --- --- --- --- --- --- --- --- --- --- 
--- --- --- --- --- --- --- --- --- --- --- --- --- --- --- --- --- --- --- --- --- --- --- --- --- --- --- --- --- --- --- --- --- --- --- --- --- --- --- --- --- --- --- --- --- --- --- --- 
--- --- --- --- --- --- --- --- --- --- --- --- --- --- --- --- --- --- --- --- --- --- --- --- --- --- --- --- --- --- --- --- --- --- --- --- --- --- --- --- --- --- --- --- --- --- --- --- 
--- --- --- --- --- --- --- --- --- --- --- --- --- --- --- --- --- --- --- --- --- --- --- --- --- --- --- --- --- --- --- --- --- --- --- --- --- --- --- --- --- --- --- --- --- --- --- --- 
--- --- --- --- --- --- --- --- --- --- --- --- --- --- --- --- --- --- --- --- --- --- --- --- --- --- --- --- --- --- --- --- --- --- --- --- --- --- --- --- --- --- --- --- --- --- --- --- 
--- --- --- --- --- --- --- --- --- --- --- --- --- --- --- --- --- --- --- --- --- --- --- --- --- --- --- --- --- --- --- --- --- --- --- --- --- --- --- --- --- --- --- --- --- --- --- --- 
--- --- --- --- --- --- --- --- --- --- --- --- --- --- --- --- --- --- --- --- --- --- --- --- --- --- --- --- --- --- --- --- --- --- --- --- --- --- --- --- --- --- --- --- --- --- --- --- 
--- --- --- --- --- --- --- --- --- --- --- --- --- --- --- --- --- --- --- --- --- --- --- --- --- --- --- --- --- --- --- --- --- --- --- --- --- --- --- --- --- --- --- --- --- --- --- --- 
--- --- --- --- --- --- --- --- --- --- --- --- --- --- --- --- --- --- --- --- --- --- --- --- --- --- --- --- --- --- --- --- --- --- --- --- --- --- --- --- --- --- --- --- --- --- --- --- 
--- --- --- --- --- --- --- --- --- --- --- --- --- --- --- --- --- --- --- --- --- --- --- --- --- --- --- --- --- --- --- --- --- --- --- --- --- --- --- --- --- --- --- --- --- --- --- --- 
--- --- --- --- --- --- --- --- --- --- --- --- --- --- --- --- --- --- --- --- --- --- --- --- --- --- --- --- --- --- --- --- --- --- --- --- --- --- --- --- --- --- --- --- --- --- --- --- 
--- --- --- --- --- --- --- --- --- --- --- --- --- --- --- --- --- --- --- --- --- --- --- --- --- --- --- --- --- --- --- --- --- --- --- --- --- --- --- --- --- --- --- --- --- --- --- --- 
--- --- --- --- --- --- --- --- --- --- --- --- --- --- --- --- --- --- --- --- --- --- --- --- --- --- --- --- --- --- --- --- --- --- --- --- --- --- --- --- --- --- --- --- --- --- --- --- 
--- --- --- --- --- --- --- --- --- --- --- --- --- --- --- --- --- --- --- --- --- --- --- --- --- --- --- --- --- --- --- --- --- --- --- --- --- --- --- --- --- --- --- --- --- --- --- --- 
--- --- --- --- --- --- --- --- --- --- --- --- --- --- --- --- --- --- --- --- --- --- --- --- --- --- --- --- --- --- --- --- --- --- --- --- --- --- --- --- --- --- --- --- --- --- --- --- 
--- --- --- --- --- --- --- --- --- --- --- --- --- --- --- --- --- --- --- --- --- --- --- --- --- --- --- --- --- --- --- --- --- --- --- --- --- --- --- --- --- --- --- --- --- --- --- --- 
--- --- --- --- --- --- --- --- --- --- --- --- --- --- --- --- --- --- --- --- --- --- --- --- --- --- --- --- --- --- --- --- --- --- --- --- --- --- --- --- --- --- --- --- --- --- --- --- 
--- --- --- --- --- --- --- --- --- --- --- --- --- --- --- --- --- --- --- --- --- --- --- --- --- --- --- --- --- --- --- --- --- --- --- --- --- --- --- --- --- --- --- --- --- --- --- --- 
--- --- --- --- --- --- --- --- --- --- --- --- --- --- --- --- --- --- --- --- --- --- --- --- --- --- --- --- --- --- --- --- --- --- --- --- --- --- --- --- --- --- --- --- --- --- --- --- 
--- --- --- --- --- --- --- --- --- --- --- --- --- --- --- --- --- --- --- --- --- --- --- --- --- --- --- --- --- --- --- --- --- --- --- --- --- --- --- --- --- --- --- --- --- --- --- --- 
--- --- --- --- --- --- --- --- --- --- --- --- --- --- --- --- --- --- --- --- --- --- --- --- --- --- --- --- --- --- --- --- --- --- --- --- --- --- --- --- --- --- --- --- --- --- --- --- 
--- --- --- --- --- --- --- --- --- --- --- --- --- --- --- --- --- --- --- --- --- --- --- --- --- --- --- --- --- --- --- --- --- --- --- --- --- --- --- --- --- --- --- --- --- --- --- --- 
--- --- --- --- --- --- --- --- --- --- --- --- --- --- --- --- --- --- --- --- --- --- --- --- --- --- --- --- --- --- --- --- --- --- --- --- --- --- --- --- --- --- --- --- --- --- --- --- 
--- --- --- --- --- --- --- --- --- --- --- --- --- --- --- --- --- --- --- --- --- --- --- --- --- --- --- --- --- --- --- --- --- --- --- --- --- --- --- --- --- --- --- --- --- --- --- --- 
--- --- --- --- --- --- --- --- --- --- --- --- --- --- --- --- --- --- --- --- --- --- --- --- --- --- --- --- --- --- --- --- --- --- --- --- --- --- --- --- --- --- --- --- --- --- --- --- 
--- --- --- --- --- --- --- --- --- --- --- --- --- --- --- --- --- --- --- --- --- --- --- --- --- --- --- --- --- --- --- --- --- --- --- --- --- --- --- --- --- --- --- --- --- --- --- --- 
--- --- --- --- --- --- --- --- --- --- --- --- --- --- --- --- --- --- --- --- --- --- --- --- --- --- --- --- --- --- --- --- --- --- --- --- --- --- --- --- --- --- --- --- --- --- --- --- 
--- --- --- --- --- --- --- --- --- --- --- --- --- --- --- --- --- --- --- --- --- --- --- --- --- --- --- --- --- --- --- --- --- --- --- --- --- --- --- --- --- --- --- --- --- --- --- --- 
--- --- --- --- --- --- --- --- --- --- --- --- --- --- --- --- --- --- --- --- --- --- --- --- --- --- --- --- --- --- --- --- --- --- --- --- --- --- --- --- --- --- --- --- --- --- --- --- 
--- --- --- --- --- --- --- --- --- --- --- --- --- --- --- --- --- --- --- --- --- --- --- --- --- --- --- --- --- --- --- --- --- --- --- --- --- --- --- --- --- --- --- --- --- --- --- --- 
--- --- --- --- --- --- --- --- --- --- --- --- --- --- --- --- --- --- --- --- --- --- --- --- --- --- --- --- --- --- --- --- --- --- --- --- --- --- --- --- --- --- --- --- --- --- --- --- 
--- --- --- --- --- --- --- --- --- --- --- --- --- --- --- --- --- --- --- --- --- --- --- --- --- --- --- --- --- --- --- --- --- --- --- --- --- --- --- --- --- --- --- --- --- --- --- --- 
--- --- --- --- --- --- --- --- --- --- --- --- --- --- --- --- --- --- --- --- --- --- --- --- --- --- --- --- --- --- --- --- --- --- --- --- --- --- --- --- --- --- --- --- --- --- --- --- 
--- --- --- --- --- --- --- --- --- --- --- --- --- --- --- --- --- --- --- --- --- --- --- --- --- --- --- --- --- --- --- --- --- --- --- --- --- --- --- --- --- --- --- --- --- --- --- --- 
--- --- --- --- --- --- --- --- --- --- --- --- --- --- --- --- --- --- --- --- --- --- --- --- --- --- --- --- --- --- --- --- --- --- --- --- --- --- --- --- --- --- --- --- --- --- --- --- 
--- --- --- --- --- --- --- --- --- --- --- --- --- --- --- --- --- --- --- --- --- --- --- --- --- --- --- --- --- --- --- --- --- --- --- --- --- --- --- --- --- --- --- --- --- --- --- --- 
--- --- --- --- --- --- --- --- --- --- --- --- --- --- --- --- --- --- --- --- --- --- --- --- --- --- --- --- --- --- --- --- --- --- --- --- --- --- --- --- --- --- --- --- --- --- --- --- 
--- --- --- --- --- --- --- --- --- --- --- --- --- --- --- --- --- --- --- --- --- --- --- --- --- --- --- --- --- --- --- --- --- --- --- --- --- --- --- --- --- --- --- --- --- --- --- --- 
--- --- --- --- --- --- --- --- --- --- --- --- --- --- --- --- --- --- --- --- --- --- --- --- --- --- --- --- --- --- --- --- --- --- --- --- --- --- --- --- --- --- --- --- --- --- --- --- 
--- --- --- --- --- --- --- --- --- --- --- --- --- --- --- --- --- --- --- --- --- --- --- --- --- --- --- --- --- --- --- --- --- --- --- --- --- --- --- --- --- --- --- --- --- --- --- --- 
